// Jest Snapshot v1, https://goo.gl/fbAQLP

exports[`should render ExpenseListItem correctly 1`] = `
<div>
  <Link
    replace={false}
    to="/edit/2"
  >
    <h3>
      Rent
    </h3>
  </Link>
  <p>
    Amount: $
    4500
  </p>
  <p>
    Created at: 
    -345600000
  </p>
  <button
    onClick={[Function]}
  >
    Remove
  </button>
</div>
`;
